../../../Drivers/STM32N6xx_HAL_Driver/Inc/stm32n6xx_ll_bus.h:1165:22:LL_AHB3_GRP1_EnableClock	24	static
../../../Drivers/STM32N6xx_HAL_Driver/Inc/stm32n6xx_ll_bus.h:1407:22:LL_AHB4_GRP1_EnableClock	24	static
C:/Users/PC/Downloads/Nx_TCP_Echo_Client/FSBL/Core/Src/main.c:106:5:main	24	static,ignoring_inline_asm
C:/Users/PC/Downloads/Nx_TCP_Echo_Client/FSBL/Core/Src/main.c:168:6:SystemClock_Config	624	static
C:/Users/PC/Downloads/Nx_TCP_Echo_Client/FSBL/Core/Src/main.c:286:13:MX_ETH1_Init	16	static
C:/Users/PC/Downloads/Nx_TCP_Echo_Client/FSBL/Core/Src/main.c:338:15:SystemIsolation_Config	16	static
C:/Users/PC/Downloads/Nx_TCP_Echo_Client/FSBL/Core/Src/main.c:389:13:MX_USART1_UART_Init	8	static
C:/Users/PC/Downloads/Nx_TCP_Echo_Client/FSBL/Core/Src/main.c:437:13:MX_GPIO_Init	32	static
C:/Users/PC/Downloads/Nx_TCP_Echo_Client/FSBL/Core/Src/main.c:490:1:__io_putchar	16	static
C:/Users/PC/Downloads/Nx_TCP_Echo_Client/FSBL/Core/Src/main.c:503:6:Success_Handler	8	static
C:/Users/PC/Downloads/Nx_TCP_Echo_Client/FSBL/Core/Src/main.c:519:6:MPU_Config	40	static,ignoring_inline_asm
C:/Users/PC/Downloads/Nx_TCP_Echo_Client/FSBL/Core/Src/main.c:574:6:HAL_TIM_PeriodElapsedCallback	16	static
C:/Users/PC/Downloads/Nx_TCP_Echo_Client/FSBL/Core/Src/main.c:592:6:Error_Handler	8	static
