C:/Users/PC/Downloads/Nx_TCP_Echo_Client/FSBL/NetXDuo/App/app_netxduo.c:73:6:MX_NetXDuo_Init	64	static
C:/Users/PC/Downloads/Nx_TCP_Echo_Client/FSBL/NetXDuo/App/app_netxduo.c:195:13:ip_address_change_notify_callback	16	static
C:/Users/PC/Downloads/Nx_TCP_Echo_Client/FSBL/NetXDuo/App/app_netxduo.c:211:13:App_Ping_8_8_8_8	40	static
C:/Users/PC/Downloads/Nx_TCP_Echo_Client/FSBL/NetXDuo/App/app_netxduo.c:241:13:App_DNS_Client_Init	24	static
C:/Users/PC/Downloads/Nx_TCP_Echo_Client/FSBL/NetXDuo/App/app_netxduo.c:267:13:App_DNS_Resolve_And_Ping_Google	48	static
C:/Users/PC/Downloads/Nx_TCP_Echo_Client/FSBL/NetXDuo/App/app_netxduo.c:320:13:App_DNS_Resolve_ThingSpeak	32	static
C:/Users/PC/Downloads/Nx_TCP_Echo_Client/FSBL/NetXDuo/App/app_netxduo.c:350:13:App_Send_Data_To_ThingSpeak	848	static
C:/Users/PC/Downloads/Nx_TCP_Echo_Client/FSBL/NetXDuo/App/app_netxduo.c:479:13:nx_app_thread_entry	32	static
C:/Users/PC/Downloads/Nx_TCP_Echo_Client/FSBL/NetXDuo/App/app_netxduo.c:522:13:App_TCP_Thread_Entry	16	static
C:/Users/PC/Downloads/Nx_TCP_Echo_Client/FSBL/NetXDuo/App/app_netxduo.c:535:13:App_Link_Thread_Entry	40	static
